// Jest Snapshot v1, https://goo.gl/fbAQLP

exports[`Button Component should render as a link when the to prop is present 1`] = `
<WithTheme(Styled(ButtonLinkFilter))
  to="/"
/>
`;

exports[`Button Component should render without throwing an error 1`] = `
ShallowWrapper {
  "length": 1,
  Symbol(enzyme.__root__): [Circular],
  Symbol(enzyme.__unrendered__): <Button />,
  Symbol(enzyme.__renderer__): Object {
    "batchedUpdates": [Function],
    "getNode": [Function],
    "render": [Function],
    "simulateEvent": [Function],
    "unmount": [Function],
  },
  Symbol(enzyme.__node__): Object {
    "instance": null,
    "key": undefined,
    "nodeType": "class",
    "props": Object {},
    "ref": null,
    "rendered": null,
    "type": [Function],
  },
  Symbol(enzyme.__nodes__): Array [
    Object {
      "instance": null,
      "key": undefined,
      "nodeType": "class",
      "props": Object {},
      "ref": null,
      "rendered": null,
      "type": [Function],
    },
  ],
  Symbol(enzyme.__options__): Object {
    "adapter": ReactSixteenAdapter {
      "options": Object {
        "enableComponentDidUpdateOnSetState": true,
      },
    },
  },
}
`;

exports[`ButtonStyled Component should properly utilize the block prop 1`] = `
<styled.button
  block={true}
/>
`;

exports[`ButtonStyled Component should properly utilize the float prop 1`] = `
<button
  className="sc-bdVaJa dovBCI"
/>
`;
